/* $NetBSD: opt-c.0.stdout,v 1.1 2021/03/06 17:56:34 rillig Exp $ */
/* $FreeBSD$ */

/* TODO: implement the test */
